mxt0623@FCWWYF7FWQ 2023q4_cloud_run_iap % ./get_id_token_for_service_account.sh 
Activated service account credentials for: [vnv-test-data-firestore-writer@dev-us-5g-vnvtestdata-1.iam.gserviceaccount.com]
Hello Mike World!%                                                                                                                                           

mxt0623@FCWWYF7FWQ 2023q4_cloud_run_iap % ./get_id_token_for_service_account.sh
Activated service account credentials for: [vnv-test-data-firestore-writer@dev-us-5g-vnvtestdata-1.iam.gserviceaccount.com]
Hello Mike World!%                                                                                                                                           

mxt0623@FCWWYF7FWQ 2023q4_cloud_run_iap % ./get_id_token_for_service_account.sh
Activated service account credentials for: [vnv-test-data-firestore-writer@dev-us-5g-vnvtestdata-1.iam.gserviceaccount.com]
Invalid IAP credentials: Service Account doesn't match the authorized party for this application. ('sub' claim (115964417810304946636) doesn't match expected
 value (vnv-test-data-firestore-writer@dev-us-5g-vnvtestdata-1.iam.gserviceaccount.com))%                                                                    

mxt0623@FCWWYF7FWQ 2023q4_cloud_run_iap % ./get_id_token_for_service_account.sh
Activated service account credentials for: [vnv-test-data-firestore-writer@dev-us-5g-vnvtestdata-1.iam.gserviceaccount.com]
Invalid IAP credentials: Service Account doesn't match the authorized party for this application. ('sub' claim (115964417810304946636) doesn't match expected
 value (vnv-test-data-firestore-writer@dev-us-5g-vnvtestdata-1.iam.gserviceaccount.com))%                                                                    

mxt0623@FCWWYF7FWQ 2023q4_cloud_run_iap % ./get_id_token_for_service_account.sh
Activated service account credentials for: [vnv-test-data-firestore-writer@dev-us-5g-vnvtestdata-1.iam.gserviceaccount.com]
Invalid IAP credentials: Service Account doesn't match the authorized party for this application. ('sub' claim (115964417810304946636) doesn't match expected
 value (vnv-test-data-firestore-writer@dev-us-5g-vnvtestdata-1.iam.gserviceaccount.com))%                                                                    

mxt0623@FCWWYF7FWQ 2023q4_cloud_run_iap % ./get_id_token_for_service_account.sh
Activated service account credentials for: [vnv-test-data-firestore-writer@dev-us-5g-vnvtestdata-1.iam.gserviceaccount.com]
Invalid IAP credentials: Service Account doesn't match the authorized party for this application. ('sub' claim (115964417810304946636) doesn't match expected
 value (vnv-test-data-firestore-writer@dev-us-5g-vnvtestdata-1.iam.gserviceaccount.com))%                                                                    

mxt0623@FCWWYF7FWQ 2023q4_cloud_run_iap % ./get_id_token_for_service_account.sh
Activated service account credentials for: [vnv-test-data-firestore-writer@dev-us-5g-vnvtestdata-1.iam.gserviceaccount.com]
Invalid IAP credentials: Service Account doesn't match the authorized party for this application. ('sub' claim (115964417810304946636) doesn't match expected
 value (vnv-test-data-firestore-writer@dev-us-5g-vnvtestdata-1.iam.gserviceaccount.com))%                                                                    

mxt0623@FCWWYF7FWQ 2023q4_cloud_run_iap % ./get_id_token_for_service_account.sh
Activated service account credentials for: [vnv-test-data-firestore-writer@dev-us-5g-vnvtestdata-1.iam.gserviceaccount.com]
Invalid IAP credentials: Service Account doesn't match the authorized party for this application. ('sub' claim (115964417810304946636) doesn't match expected
 value (vnv-test-data-firestore-writer@dev-us-5g-vnvtestdata-1.iam.gserviceaccount.com))%                                                                    

mxt0623@FCWWYF7FWQ 2023q4_cloud_run_iap % ./get_id_token_for_service_account.sh
Activated service account credentials for: [vnv-test-data-firestore-writer@dev-us-5g-vnvtestdata-1.iam.gserviceaccount.com]
Invalid IAP credentials: Service Account doesn't match the authorized party for this application. ('sub' claim (115964417810304946636) doesn't match expected
 value (vnv-test-data-firestore-writer@dev-us-5g-vnvtestdata-1.iam.gserviceaccount.com))%                                                                    

mxt0623@FCWWYF7FWQ 2023q4_cloud_run_iap % ./get_id_token_for_service_account.sh
Activated service account credentials for: [vnv-test-data-firestore-writer@dev-us-5g-vnvtestdata-1.iam.gserviceaccount.com]
Hello Mike World!%                                                                                                                                           
